// Vitest Snapshot v1, https://vitest.dev/guide/snapshot.html

exports[`MODES > snapshot tablice modova 1`] = `
{
  "adaptive": {
    "feature": "adaptive",
    "keysForFree": 0,
    "resumable": false,
    "syntheticKeyPrefix": "adaptive_",
    "timer": false,
    "writesProgress": false,
  },
  "daily": {
    "feature": "daily",
    "keysForFree": 0,
    "resumable": false,
    "syntheticKeyPrefix": "daily_",
    "timer": true,
    "writesProgress": false,
  },
  "errors": {
    "feature": "errors",
    "keysForFree": 0,
    "resumable": false,
    "syntheticKeyPrefix": "errors_session",
    "timer": false,
    "writesProgress": false,
  },
  "exam": {
    "feature": "exam",
    "keysForFree": 0,
    "resumable": true,
    "syntheticKeyPrefix": null,
    "timer": true,
    "writesProgress": true,
  },
  "filter": {
    "feature": "practice",
    "keysForFree": 0,
    "resumable": false,
    "syntheticKeyPrefix": "filter_session_",
    "timer": false,
    "writesProgress": false,
  },
  "practice": {
    "feature": "practice",
    "keysForFree": 3,
    "resumable": true,
    "syntheticKeyPrefix": null,
    "timer": false,
    "writesProgress": false,
  },
  "practice_timed": {
    "feature": "practice",
    "keysForFree": 3,
    "resumable": true,
    "syntheticKeyPrefix": null,
    "timer": true,
    "writesProgress": false,
  },
  "srs": {
    "feature": "srs",
    "keysForFree": 0,
    "resumable": false,
    "syntheticKeyPrefix": "srs_session",
    "timer": false,
    "writesProgress": false,
  },
}
`;

exports[`SCREEN_FEATURE > snapshot mape ekrana 1`] = `
{
  "adaptive": "adaptive",
  "analysis": "ai_analysis",
  "bookmarks": "bookmarks",
  "browse": "browse",
  "daily": "daily",
  "errors": "errors",
  "exam": "exam",
  "exams": "exam",
  "home": "exam",
  "practice": "practice",
  "results": "grade",
  "review": "review",
  "srs": "srs",
  "stats": "topic_stats",
}
`;

exports[`matrica značajka × tier > snapshot cijele matrice 1`] = `
{
  "adaptive": {
    "free": false,
    "min": "pro",
    "pro": true,
    "starter": false,
    "upgradeFromFree": "pro",
  },
  "ai_analysis": {
    "free": false,
    "min": "pro",
    "pro": true,
    "starter": false,
    "upgradeFromFree": "pro",
  },
  "ai_essay_grade": {
    "free": false,
    "min": "pro",
    "pro": true,
    "starter": false,
    "upgradeFromFree": "pro",
  },
  "ai_explain": {
    "free": false,
    "min": "pro",
    "pro": true,
    "starter": false,
    "upgradeFromFree": "pro",
  },
  "ai_plan": {
    "free": false,
    "min": "pro",
    "pro": true,
    "starter": false,
    "upgradeFromFree": "pro",
  },
  "bookmarks": {
    "free": false,
    "min": "starter",
    "pro": true,
    "starter": true,
    "upgradeFromFree": "starter",
  },
  "browse": {
    "free": false,
    "min": "starter",
    "pro": true,
    "starter": true,
    "upgradeFromFree": "starter",
  },
  "daily": {
    "free": false,
    "min": "pro",
    "pro": true,
    "starter": false,
    "upgradeFromFree": "pro",
  },
  "errors": {
    "free": false,
    "min": "starter",
    "pro": true,
    "starter": true,
    "upgradeFromFree": "starter",
  },
  "exam": {
    "free": true,
    "min": "free",
    "pro": true,
    "starter": true,
    "upgradeFromFree": null,
  },
  "grade": {
    "free": true,
    "min": "free",
    "pro": true,
    "starter": true,
    "upgradeFromFree": null,
  },
  "practice": {
    "free": false,
    "min": "starter",
    "pro": true,
    "starter": true,
    "upgradeFromFree": "starter",
  },
  "practice_preview": {
    "free": true,
    "min": "free",
    "pro": true,
    "starter": true,
    "upgradeFromFree": null,
  },
  "resume_card": {
    "free": false,
    "min": "starter",
    "pro": true,
    "starter": true,
    "upgradeFromFree": "starter",
  },
  "review": {
    "free": false,
    "min": "starter",
    "pro": true,
    "starter": true,
    "upgradeFromFree": "starter",
  },
  "solution_steps": {
    "free": false,
    "min": "starter",
    "pro": true,
    "starter": true,
    "upgradeFromFree": "starter",
  },
  "srs": {
    "free": false,
    "min": "starter",
    "pro": true,
    "starter": true,
    "upgradeFromFree": "starter",
  },
  "topic_stats": {
    "free": false,
    "min": "starter",
    "pro": true,
    "starter": true,
    "upgradeFromFree": "starter",
  },
}
`;
